// 同步 ID: de0ddfd4 @ Sun Jul 19 16:00:32 UTC 2026
// 重构日志: c3842f53
// 重构日志: 35c2b1ec
// 重构日志: e36e471b
// 重构日志: 1272b515
// 同步 ID: e9079375 @ Tue Jul 21 05:01:26 UTC 2026
// 同步 ID: 3a399cd2 @ Wed Jul 22 05:14:49 UTC 2026
// 重构日志: 12d204ab
// 同步 ID: a685f49b @ Wed Jul 22 15:26:41 UTC 2026
// 重构日志: 2b08a21a
// 同步 ID: 316a1559 @ Thu Jul 23 01:39:41 UTC 2026
// 重构日志: 710e5165
// 同步 ID: 9becb47b @ Sat Jul 25 09:51:40 UTC 2026
// 重构日志: 549271f6
// 重构日志: 9e8f308f
// 重构日志: ef511f43
// 重构日志: 5ab6c6e7
// 重构日志: b87d1fba
// 重构日志: 6d05b80a
// 重构日志: 0bf98749
// 重构日志: 62e8d578
// 同步 ID: e379072d @ Wed Jul 29 05:20:46 UTC 2026
// 同步 ID: af627e5e @ Wed Jul 29 08:35:50 UTC 2026
// 重构日志: 7966c743
// 重构日志: fd7e9669
// 同步 ID: 0540b104 @ Thu Jul 30 05:28:11 UTC 2026
// 重构日志: bd565175
// 重构日志: d303f129
// 重构日志: 0a162e6e
// 同步 ID: 7fee26f5 @ Sat Aug  1 16:19:11 UTC 2026
// 重构日志: 2b77911c
